#-----------------------------------------------------------
# Vivado v2020.2 (64-bit)
# SW Build 3064766 on Wed Nov 18 09:12:45 MST 2020
# IP Build 3064653 on Wed Nov 18 14:17:31 MST 2020
# Start of session at: Sat Jan 28 13:01:31 2023
# Process ID: 22288
# Current directory: C:/Users/chase/OneDrive/Desktop/HW01_Type_Mismatch_Burkdoll/mod_m_up_dn_count/vivado_project
# Command line: vivado.exe -gui_launcher_event rodinguilauncherevent19768 C:\Users\chase\OneDrive\Desktop\HW01_Type_Mismatch_Burkdoll\mod_m_up_dn_count\vivado_project\vivado_project.xpr
# Log file: C:/Users/chase/OneDrive/Desktop/HW01_Type_Mismatch_Burkdoll/mod_m_up_dn_count/vivado_project/vivado.log
# Journal file: C:/Users/chase/OneDrive/Desktop/HW01_Type_Mismatch_Burkdoll/mod_m_up_dn_count/vivado_project\vivado.jou
#-----------------------------------------------------------
start_gui
open_project C:/Users/chase/OneDrive/Desktop/HW01_Type_Mismatch_Burkdoll/mod_m_up_dn_count/vivado_project/vivado_project.xpr
update_compile_order -fileset sources_1
launch_simulation
open_wave_config C:/Users/chase/OneDrive/Desktop/HW01_Type_Mismatch_Burkdoll/mod_m_up_dn_count/simulation_sources/mod_m_up_dn_count_wave.wcfg
source mod_m_up_dn_count_tb.tcl
close_sim
launch_simulation
open_wave_config C:/Users/chase/OneDrive/Desktop/HW01_Type_Mismatch_Burkdoll/mod_m_up_dn_count/simulation_sources/mod_m_up_dn_count_wave.wcfg
source mod_m_up_dn_count_tb.tcl
close_sim
