#-----------------------------------------------------------
# Vivado v2020.2 (64-bit)
# SW Build 3064766 on Wed Nov 18 09:12:45 MST 2020
# IP Build 3064653 on Wed Nov 18 14:17:31 MST 2020
# Start of session at: Fri Jan 27 11:03:33 2023
# Process ID: 1440
# Current directory: C:/Users/chase/OneDrive/Documents/Spring 23/EECS 645 - Computer Architecture/HW01_Type_Mismatch_Burkdoll/mod_m_up_dn_count/vivado_project
# Command line: vivado.exe -gui_launcher_event rodinguilauncherevent23536 C:\Users\chase\OneDrive\Documents\Spring 23\EECS 645 - Computer Architecture\HW01_Type_Mismatch_Burkdoll\mod_m_up_dn_count\vivado_project\vivado_project.xpr
# Log file: C:/Users/chase/OneDrive/Documents/Spring 23/EECS 645 - Computer Architecture/HW01_Type_Mismatch_Burkdoll/mod_m_up_dn_count/vivado_project/vivado.log
# Journal file: C:/Users/chase/OneDrive/Documents/Spring 23/EECS 645 - Computer Architecture/HW01_Type_Mismatch_Burkdoll/mod_m_up_dn_count/vivado_project\vivado.jou
#-----------------------------------------------------------
start_guioopen_project {C:/Users/chase/OneDrive/Documents/Spring 23/EECS 645 - Computer Architecture/HW01_Type_Mismatch_Burkdoll/mod_m_up_dn_count/vivado_project/vivado_project.xpr}uupdate_compile_order -fileset sources_1
