#-----------------------------------------------------------
# Vivado v2020.2 (64-bit)
# SW Build 3064766 on Wed Nov 18 09:12:45 MST 2020
# IP Build 3064653 on Wed Nov 18 14:17:31 MST 2020
# Start of session at: Mon May  1 14:25:07 2023
# Process ID: 11700
# Current directory: C:/Users/chase/OneDrive/Documents/Spring23/EECS645/Project_MIPS_Single_Cycle/vivado_project
# Command line: vivado.exe -gui_launcher_event rodinguilauncherevent16468 C:\Users\chase\OneDrive\Documents\Spring23\EECS645\Project_MIPS_Single_Cycle\vivado_project\vivado_project.xpr
# Log file: C:/Users/chase/OneDrive/Documents/Spring23/EECS645/Project_MIPS_Single_Cycle/vivado_project/vivado.log
# Journal file: C:/Users/chase/OneDrive/Documents/Spring23/EECS645/Project_MIPS_Single_Cycle/vivado_project\vivado.jou
#-----------------------------------------------------------
start_gui
open_project C:/Users/chase/OneDrive/Documents/Spring23/EECS645/Project_MIPS_Single_Cycle/vivado_project/vivado_project.xpr
update_compile_order -fileset sources_1
launch_simulation
open_wave_config C:/Users/chase/OneDrive/Documents/Spring23/EECS645/Project_MIPS_Single_Cycle/simulation_sources/mips_single_cycle_wave.wcfg
source mips_single_cycle_tb.tcl
close_sim
launch_simulation
open_wave_config C:/Users/chase/OneDrive/Documents/Spring23/EECS645/Project_MIPS_Single_Cycle/simulation_sources/mips_single_cycle_wave.wcfg
source mips_single_cycle_tb.tcl
close_sim
