#-----------------------------------------------------------
# Vivado v2020.2 (64-bit)
# SW Build 3064766 on Wed Nov 18 09:12:45 MST 2020
# IP Build 3064653 on Wed Nov 18 14:17:31 MST 2020
# Start of session at: Sat Apr 22 14:08:41 2023
# Process ID: 21188
# Current directory: C:/Users/chase/OneDrive/Documents/Spring23/EECS645/HW09_MIPS_Single_Cycle_Burkdoll/vivado_project
# Command line: vivado.exe -gui_launcher_event rodinguilauncherevent9568 C:\Users\chase\OneDrive\Documents\Spring23\EECS645\HW09_MIPS_Single_Cycle_Burkdoll\vivado_project\vivado_project.xpr
# Log file: C:/Users/chase/OneDrive/Documents/Spring23/EECS645/HW09_MIPS_Single_Cycle_Burkdoll/vivado_project/vivado.log
# Journal file: C:/Users/chase/OneDrive/Documents/Spring23/EECS645/HW09_MIPS_Single_Cycle_Burkdoll/vivado_project\vivado.jou
#-----------------------------------------------------------
start_gui
open_project C:/Users/chase/OneDrive/Documents/Spring23/EECS645/HW09_MIPS_Single_Cycle_Burkdoll/vivado_project/vivado_project.xpr
update_compile_order -fileset sources_1
launch_simulation
open_wave_config C:/Users/chase/OneDrive/Documents/Spring23/EECS645/HW09_MIPS_Single_Cycle_Burkdoll/simulation_sources/mips_single_cycle_wave.wcfg
source ALU.tcl
close_sim
# Disabling source management mode.  This is to allow the top design properties to be set without GUI intervention.
set_property source_mgmt_mode None [current_project]
set_property top mips_single_cycle_tb [get_filesets sim_1]
set_property top_lib xil_defaultlib [get_filesets sim_1]
# Re-enabling previously disabled source management mode.
set_property source_mgmt_mode All [current_project]
update_compile_order -fileset sim_1
launch_simulation
open_wave_config C:/Users/chase/OneDrive/Documents/Spring23/EECS645/HW09_MIPS_Single_Cycle_Burkdoll/simulation_sources/mips_single_cycle_wave.wcfg
source mips_single_cycle_tb.tcl
close_sim
