#-----------------------------------------------------------
# Vivado v2020.2 (64-bit)
# SW Build 3064766 on Wed Nov 18 09:12:45 MST 2020
# IP Build 3064653 on Wed Nov 18 14:17:31 MST 2020
# Start of session at: Wed Mar  1 16:13:10 2023
# Process ID: 20484
# Current directory: C:/Users/chase/OneDrive/Desktop/HW04_MIPS_MEM_Burkdoll/DataMem/vivado_project
# Command line: vivado.exe -gui_launcher_event rodinguilauncherevent20800 C:\Users\chase\OneDrive\Desktop\HW04_MIPS_MEM_Burkdoll\DataMem\vivado_project\vivado_project.xpr
# Log file: C:/Users/chase/OneDrive/Desktop/HW04_MIPS_MEM_Burkdoll/DataMem/vivado_project/vivado.log
# Journal file: C:/Users/chase/OneDrive/Desktop/HW04_MIPS_MEM_Burkdoll/DataMem/vivado_project\vivado.jou
#-----------------------------------------------------------
start_gui
open_project C:/Users/chase/OneDrive/Desktop/HW04_MIPS_MEM_Burkdoll/DataMem/vivado_project/vivado_project.xpr
update_compile_order -fileset sources_1
launch_simulation
open_wave_config C:/Users/chase/OneDrive/Desktop/HW04_MIPS_MEM_Burkdoll/DataMem/simulation_sources/DataMem_wave.wcfg
source DataMem_tb.tcl
close_sim
