#-----------------------------------------------------------
# Vivado v2020.2 (64-bit)
# SW Build 3064766 on Wed Nov 18 09:12:45 MST 2020
# IP Build 3064653 on Wed Nov 18 14:17:31 MST 2020
# Start of session at: Mon Feb 20 13:44:53 2023
# Process ID: 50272
# Current directory: C:/Users/chase/OneDrive/Desktop/HW03_MIPS_RegFile_Burkdoll/vivado_project
# Command line: vivado.exe -gui_launcher_event rodinguilauncherevent51168 C:\Users\chase\OneDrive\Desktop\HW03_MIPS_RegFile_Burkdoll\vivado_project\vivado_project.xpr
# Log file: C:/Users/chase/OneDrive/Desktop/HW03_MIPS_RegFile_Burkdoll/vivado_project/vivado.log
# Journal file: C:/Users/chase/OneDrive/Desktop/HW03_MIPS_RegFile_Burkdoll/vivado_project\vivado.jou
#-----------------------------------------------------------
start_gui
open_project C:/Users/chase/OneDrive/Desktop/HW03_MIPS_RegFile_Burkdoll/vivado_project/vivado_project.xpr
update_compile_order -fileset sources_1
update_compile_order -fileset sources_1
launch_simulation
open_wave_config C:/Users/chase/OneDrive/Desktop/HW03_MIPS_RegFile_Burkdoll/simulation_sources/regfile_wave.wcfg
source regfile_tb.tcl
close_sim
